Main Street  
Church Street  
Main Street North 
High Street  
Main Street South 
Elm Street  
Washington Street  
Main Street West 
Main Street East 
Walnut Street  
Park Avenue  
Broad Street  
Chestnut Street  
2nd Street  
Maple Avenue  
Maple Street  
Center Street  
Water Street  
Pine Street  
South Street  
Union Street  
Oak Street  
Market Street  
River Road  
Court Street  
North Street  
3rd Street  
Prospect Street  
School Street  
Washington Avenue  
Spring Street  
Central Avenue  
Front Street  
Park Street  
Cherry Street  
Bridge Street  
Franklin Street  
Highland Avenue  
Jefferson Street  
Mill Street  
State Street  
West Street  
4th Street  
Cedar Street  
1st Street  
Madison Avenue  
Pearl Street  
Pleasant Street  
Spruce Street  
Academy Street  
Grove Street  
Jackson Street  
Pennsylvania Avenue  
Adams Street  
Madison Street  
Park Place  
5th Street  
Jefferson Avenue  
Locust Street  
East Street  
Elizabeth Street  
Green Street  
Ridge Road  
11th Street  
12th Street  
Church Road  
Hill Street  
Lincoln Avenue  
River Street  
Route 30  
2nd Avenue  
4th Street West 
Broadway   
Liberty Street  
3rd Street West 
5th Avenue  
7th Street  
9th Street  
Dogwood Drive  
Lincoln Street  
Route 1  
Vine Street  
10th Street  
Hillside Avenue  
Meadow Lane  
Monroe Street  
Winding Way  
1st Avenue  
3rd Avenue  
6th Street  
Charles Street  
Clinton Street  
Delaware Avenue  
Hickory Lane  
New Street  
Railroad Street  
13th Street  
2nd Street West 
5th Street North 
Brookside Drive  
College Street  
Colonial Drive  
Fairway Drive  
Railroad Avenue  
Route 32  
Route 6  
Virginia Avenue  
8th Street  
Division Street  
Oak Lane  
Prospect Avenue  
Summit Avenue  
Sunset Drive  
Valley Road  
Warren Street  
Williams Street  
Willow Street  
Woodland Drive  
